#-----------------------------------------------------------
# Webtalk v2019.1_AR73068_op (64-bit)
# SW Build 2552052 on Fri May 24 14:47:09 MDT 2019
# IP Build 2548770 on Fri May 24 18:01:18 MDT 2019
# Start of session at: Sun Dec 13 04:11:33 2020
# Process ID: 8325
# Current directory: /home/centos/single_cont_qDanQ/_x.hw_emu.xilinx_aws-vu9p-f1-04261818_dynamic_5_0/link/vivado/vpl/prj/prj.sim/sim_1/behav_gdb/xsim
# Command line: wbtcv -mode batch -source /home/centos/single_cont_qDanQ/_x.hw_emu.xilinx_aws-vu9p-f1-04261818_dynamic_5_0/link/vivado/vpl/prj/prj.sim/sim_1/behav_gdb/xsim/xsim.dir/emu_wrapper_behav/webtalk/xsim_webtalk.tcl -notrace
# Log file: /home/centos/single_cont_qDanQ/_x.hw_emu.xilinx_aws-vu9p-f1-04261818_dynamic_5_0/link/vivado/vpl/prj/prj.sim/sim_1/behav_gdb/xsim/webtalk.log
# Journal file: /home/centos/single_cont_qDanQ/_x.hw_emu.xilinx_aws-vu9p-f1-04261818_dynamic_5_0/link/vivado/vpl/prj/prj.sim/sim_1/behav_gdb/xsim/webtalk.jou
#-----------------------------------------------------------
source /home/centos/single_cont_qDanQ/_x.hw_emu.xilinx_aws-vu9p-f1-04261818_dynamic_5_0/link/vivado/vpl/prj/prj.sim/sim_1/behav_gdb/xsim/xsim.dir/emu_wrapper_behav/webtalk/xsim_webtalk.tcl -notrace
