

================================================================
== Vivado HLS Report for 'backward_1'
================================================================
* Date:           Fri Oct 23 11:08:19 2020

* Version:        2019.1 (Build 2552052 on Fri May 24 15:28:33 MDT 2019)
* Project:        kerneldl
* Solution:       solution
* Product family: virtexuplus
* Target device:  xcu200-fsgd2104-2-e


================================================================
== Performance Estimates
================================================================
+ Timing (ns): 
    * Summary: 
    +--------+-------+----------+------------+
    |  Clock | Target| Estimated| Uncertainty|
    +--------+-------+----------+------------+
    |ap_clk  |   3.33|     2.342|        0.90|
    +--------+-------+----------+------------+

+ Latency (clock cycles): 
    * Summary: 
    +-----------+-----------+-----------+-----------+---------+
    |        Latency        |        Interval       | Pipeline|
    |    min    |    max    |    min    |    max    |   Type  |
    +-----------+-----------+-----------+-----------+---------+
    |  324792021|  324792021|  324792021|  324792021|   none  |
    +-----------+-----------+-----------+-----------+---------+

    + Detail: 
        * Instance: 
        N/A

        * Loop: 
        +----------+-----------+-----------+----------+-----------+-----------+----------+----------+
        |          |        Latency        | Iteration|  Initiation Interval  |   Trip   |          |
        | Loop Name|    min    |    max    |  Latency |  achieved |   target  |   Count  | Pipelined|
        +----------+-----------+-----------+----------+-----------+-----------+----------+----------+
        |- Loop 1  |  324480006|  324480006|        17|         10|          1|  32448000|    yes   |
        |- Loop 2  |     312011|     312011|        13|          1|          1|    312000|    yes   |
        +----------+-----------+-----------+----------+-----------+-----------+----------+----------+



================================================================
== Utilization Estimates
================================================================
* Summary: 
+---------------------+---------+-------+---------+---------+-----+
|         Name        | BRAM_18K| DSP48E|    FF   |   LUT   | URAM|
+---------------------+---------+-------+---------+---------+-----+
|DSP                  |        -|      2|        -|        -|    -|
|Expression           |        -|      0|        0|      629|    -|
|FIFO                 |        -|      -|        -|        -|    -|
|Instance             |        -|      5|      461|      276|    -|
|Memory               |        -|      -|        -|        -|    -|
|Multiplexer          |        -|      -|        -|      311|    -|
|Register             |        0|      -|      787|       64|    -|
+---------------------+---------+-------+---------+---------+-----+
|Total                |        0|      7|     1248|     1280|    0|
+---------------------+---------+-------+---------+---------+-----+
|Available SLR        |     1440|   2280|   788160|   394080|  320|
+---------------------+---------+-------+---------+---------+-----+
|Utilization SLR (%)  |        0|   ~0  |    ~0   |    ~0   |    0|
+---------------------+---------+-------+---------+---------+-----+
|Available            |     4320|   6840|  2364480|  1182240|  960|
+---------------------+---------+-------+---------+---------+-----+
|Utilization (%)      |        0|   ~0  |    ~0   |    ~0   |    0|
+---------------------+---------+-------+---------+---------+-----+

+ Detail: 
    * Instance: 
    +--------------------------------------------+-----------------------------------------+---------+-------+-----+-----+-----+
    |                  Instance                  |                  Module                 | BRAM_18K| DSP48E|  FF | LUT | URAM|
    +--------------------------------------------+-----------------------------------------+---------+-------+-----+-----+-----+
    |kerneldl_fadd_32ns_32ns_32_7_full_dsp_1_U4  |kerneldl_fadd_32ns_32ns_32_7_full_dsp_1  |        0|      2|  318|  198|    0|
    |kerneldl_fmul_32ns_32ns_32_4_max_dsp_1_U5   |kerneldl_fmul_32ns_32ns_32_4_max_dsp_1   |        0|      3|  143|   78|    0|
    +--------------------------------------------+-----------------------------------------+---------+-------+-----+-----+-----+
    |Total                                       |                                         |        0|      5|  461|  276|    0|
    +--------------------------------------------+-----------------------------------------+---------+-------+-----+-----+-----+

    * DSP48E: 
    +---------------------------------------------+------------------------------------------+--------------+
    |                   Instance                  |                  Module                  |  Expression  |
    +---------------------------------------------+------------------------------------------+--------------+
    |kerneldl_mac_muladd_9ns_11ns_10ns_19_4_1_U6  |kerneldl_mac_muladd_9ns_11ns_10ns_19_4_1  | i0 + i1 * i2 |
    |kerneldl_mac_muladd_9ns_11ns_10ns_19_4_1_U7  |kerneldl_mac_muladd_9ns_11ns_10ns_19_4_1  | i0 * i1 + i2 |
    +---------------------------------------------+------------------------------------------+--------------+

    * Memory: 
    N/A

    * FIFO: 
    N/A

    * Expression: 
    +--------------------------+----------+-------+---+----+------------+------------+
    |       Variable Name      | Operation| DSP48E| FF| LUT| Bitwidth P0| Bitwidth P1|
    +--------------------------+----------+-------+---+----+------------+------------+
    |mul_ln404_1_fu_523_p2     |     *    |      0|  0|  49|           9|           7|
    |mul_ln404_fu_286_p2       |     *    |      0|  0|  49|           9|           7|
    |mul_ln409_1_fu_551_p2     |     *    |      0|  0|  17|           3|           5|
    |mul_ln409_fu_436_p2       |     *    |      0|  0|  17|           3|           5|
    |add_ln402_1_fu_312_p2     |     +    |      0|  0|   9|           9|           1|
    |add_ln402_fu_461_p2       |     +    |      0|  0|  25|          25|           1|
    |add_ln407_1_fu_426_p2     |     +    |      0|  0|  18|          18|           1|
    |add_ln410_1_fu_514_p2     |     +    |      0|  0|  15|          15|           1|
    |add_ln414_1_fu_456_p2     |     +    |      0|  0|  16|          16|          16|
    |add_ln414_2_fu_485_p2     |     +    |      0|  0|  10|          10|          10|
    |add_ln414_3_fu_498_p2     |     +    |      0|  0|  12|          12|          12|
    |add_ln414_5_fu_568_p2     |     +    |      0|  0|  16|          16|          16|
    |add_ln414_6_fu_584_p2     |     +    |      0|  0|   7|           7|           7|
    |add_ln414_7_fu_594_p2     |     +    |      0|  0|  16|          16|          16|
    |add_ln414_fu_446_p2       |     +    |      0|  0|   7|           7|           7|
    |add_ln429_1_fu_651_p2     |     +    |      0|  0|   9|           9|           1|
    |add_ln429_fu_631_p2       |     +    |      0|  0|  19|          19|           1|
    |i_fu_509_p2               |     +    |      0|  0|  10|          10|           1|
    |o_fu_669_p2               |     +    |      0|  0|  10|          10|           1|
    |s_fu_392_p2               |     +    |      0|  0|   6|           5|           1|
    |t_fu_467_p2               |     +    |      0|  0|   4|           3|           1|
    |and_ln405_1_fu_354_p2     |    and   |      0|  0|   2|           1|           1|
    |and_ln405_fu_342_p2       |    and   |      0|  0|   2|           1|           1|
    |and_ln407_fu_386_p2       |    and   |      0|  0|   2|           1|           1|
    |icmp_ln402_fu_292_p2      |   icmp   |      0|  0|  20|          25|          22|
    |icmp_ln407_fu_298_p2      |   icmp   |      0|  0|  20|          18|          17|
    |icmp_ln410_fu_348_p2      |   icmp   |      0|  0|  13|          15|          14|
    |icmp_ln412_fu_336_p2      |   icmp   |      0|  0|  13|          10|           7|
    |icmp_ln429_fu_625_p2      |   icmp   |      0|  0|  20|          19|          19|
    |icmp_ln432_fu_637_p2      |   icmp   |      0|  0|  13|          10|           7|
    |or_ln407_1_fu_380_p2      |    or    |      0|  0|   2|           1|           1|
    |or_ln407_fu_360_p2        |    or    |      0|  0|   2|           1|           1|
    |or_ln410_1_fu_404_p2      |    or    |      0|  0|   2|           1|           1|
    |or_ln410_fu_398_p2        |    or    |      0|  0|   2|           1|           1|
    |select_ln405_1_fu_532_p3  |  select  |      0|  0|  16|           1|          16|
    |select_ln405_2_fu_318_p3  |  select  |      0|  0|   9|           1|           9|
    |select_ln405_3_fu_537_p3  |  select  |      0|  0|   7|           1|           1|
    |select_ln405_4_fu_543_p3  |  select  |      0|  0|  16|           1|          16|
    |select_ln405_fu_304_p3    |  select  |      0|  0|   3|           1|           1|
    |select_ln407_1_fu_472_p3  |  select  |      0|  0|   3|           1|           3|
    |select_ln407_2_fu_557_p3  |  select  |      0|  0|   7|           1|           7|
    |select_ln407_3_fu_574_p3  |  select  |      0|  0|  16|           1|          16|
    |select_ln407_4_fu_619_p3  |  select  |      0|  0|  18|           1|           1|
    |select_ln407_fu_366_p3    |  select  |      0|  0|   5|           1|           1|
    |select_ln410_1_fu_604_p3  |  select  |      0|  0|  16|           1|          16|
    |select_ln410_2_fu_418_p3  |  select  |      0|  0|   5|           1|           5|
    |select_ln410_3_fu_613_p3  |  select  |      0|  0|  15|           1|           1|
    |select_ln410_fu_410_p3    |  select  |      0|  0|  10|           1|           1|
    |select_ln431_1_fu_657_p3  |  select  |      0|  0|   9|           1|           9|
    |select_ln431_fu_643_p3    |  select  |      0|  0|  10|           1|           1|
    |ap_enable_pp0             |    xor   |      0|  0|   2|           1|           2|
    |ap_enable_pp1             |    xor   |      0|  0|   2|           1|           2|
    |ap_enable_reg_pp1_iter1   |    xor   |      0|  0|   2|           2|           1|
    |xor_ln405_fu_330_p2       |    xor   |      0|  0|   2|           1|           2|
    |xor_ln407_fu_374_p2       |    xor   |      0|  0|   2|           1|           2|
    +--------------------------+----------+-------+---+----+------------+------------+
    |Total                     |          |      0|  0| 629|         357|         324|
    +--------------------------+----------+-------+---+----+------------+------------+

    * Multiplexer: 
    +-------------------------------------------+----+-----------+-----+-----------+
    |                    Name                   | LUT| Input Size| Bits| Total Bits|
    +-------------------------------------------+----+-----------+-----+-----------+
    |ap_NS_fsm                                  |  62|         15|    1|         15|
    |ap_enable_reg_pp0_iter1                    |   9|          2|    1|          2|
    |ap_enable_reg_pp1_iter1                    |   9|          2|    1|          2|
    |ap_enable_reg_pp1_iter12                   |   9|          2|    1|          2|
    |ap_phi_mux_i_0_phi_fu_222_p4               |   9|          2|   10|         20|
    |ap_phi_mux_indvar_flatten25_phi_fu_175_p4  |   9|          2|   18|         36|
    |ap_phi_mux_indvar_flatten63_phi_fu_152_p4  |   9|          2|   25|         50|
    |ap_phi_mux_indvar_flatten_phi_fu_198_p4    |   9|          2|   15|         30|
    |ap_phi_mux_j1_0_phi_fu_244_p4              |   9|          2|    9|         18|
    |ap_phi_mux_j_0_phi_fu_164_p4               |   9|          2|    9|         18|
    |ap_phi_mux_s_0_phi_fu_210_p4               |   9|          2|    5|         10|
    |ap_phi_mux_t_0_phi_fu_186_p4               |   9|          2|    3|          6|
    |dout_address0                              |  15|          3|   15|         45|
    |gradsw1_address0                           |  15|          3|   16|         48|
    |grp_fu_262_p0                              |  15|          3|   32|         96|
    |grp_fu_262_p1                              |  15|          3|   32|         96|
    |i_0_reg_218                                |   9|          2|   10|         20|
    |indvar_flatten25_reg_171                   |   9|          2|   18|         36|
    |indvar_flatten63_reg_148                   |   9|          2|   25|         50|
    |indvar_flatten70_reg_229                   |   9|          2|   19|         38|
    |indvar_flatten_reg_194                     |   9|          2|   15|         30|
    |j1_0_reg_240                               |   9|          2|    9|         18|
    |j_0_reg_160                                |   9|          2|    9|         18|
    |o_0_reg_251                                |   9|          2|   10|         20|
    |s_0_reg_206                                |   9|          2|    5|         10|
    |t_0_reg_182                                |   9|          2|    3|          6|
    +-------------------------------------------+----+-----------+-----+-----------+
    |Total                                      | 311|         69|  316|        740|
    +-------------------------------------------+----+-----------+-----+-----------+

    * Register: 
    +------------------------------------+----+----+-----+-----------+
    |                Name                | FF | LUT| Bits| Const Bits|
    +------------------------------------+----+----+-----+-----------+
    |add_ln402_1_reg_725                 |   9|   0|    9|          0|
    |add_ln402_reg_790                   |  25|   0|   25|          0|
    |add_ln407_1_reg_775                 |  18|   0|   18|          0|
    |add_ln410_1_reg_815                 |  15|   0|   15|          0|
    |add_ln414_1_reg_785                 |  16|   0|   16|          0|
    |add_ln414_7_reg_841                 |  16|   0|   16|          0|
    |and_ln405_1_reg_740                 |   1|   0|    1|          0|
    |and_ln407_reg_752                   |   1|   0|    1|          0|
    |ap_CS_fsm                           |  14|   0|   14|          0|
    |ap_enable_reg_pp0_iter0             |   1|   0|    1|          0|
    |ap_enable_reg_pp0_iter1             |   1|   0|    1|          0|
    |ap_enable_reg_pp1_iter0             |   1|   0|    1|          0|
    |ap_enable_reg_pp1_iter1             |   1|   0|    1|          0|
    |ap_enable_reg_pp1_iter10            |   1|   0|    1|          0|
    |ap_enable_reg_pp1_iter11            |   1|   0|    1|          0|
    |ap_enable_reg_pp1_iter12            |   1|   0|    1|          0|
    |ap_enable_reg_pp1_iter2             |   1|   0|    1|          0|
    |ap_enable_reg_pp1_iter3             |   1|   0|    1|          0|
    |ap_enable_reg_pp1_iter4             |   1|   0|    1|          0|
    |ap_enable_reg_pp1_iter5             |   1|   0|    1|          0|
    |ap_enable_reg_pp1_iter6             |   1|   0|    1|          0|
    |ap_enable_reg_pp1_iter7             |   1|   0|    1|          0|
    |ap_enable_reg_pp1_iter8             |   1|   0|    1|          0|
    |ap_enable_reg_pp1_iter9             |   1|   0|    1|          0|
    |conv1d_actc_load_reg_831            |  32|   0|   32|          0|
    |gradsb1_addr_reg_920                |  19|   0|   19|          0|
    |gradsb1_load_reg_926                |  32|   0|   32|          0|
    |gradsw1_addr_reg_856                |  16|   0|   16|          0|
    |gradsw1_load_reg_866                |  32|   0|   32|          0|
    |i_0_reg_218                         |  10|   0|   10|          0|
    |i_reg_810                           |  10|   0|   10|          0|
    |icmp_ln402_reg_707                  |   1|   0|    1|          0|
    |icmp_ln402_reg_707_pp0_iter1_reg    |   1|   0|    1|          0|
    |icmp_ln407_reg_711                  |   1|   0|    1|          0|
    |icmp_ln429_reg_881                  |   1|   0|    1|          0|
    |indvar_flatten25_reg_171            |  18|   0|   18|          0|
    |indvar_flatten63_reg_148            |  25|   0|   25|          0|
    |indvar_flatten70_reg_229            |  19|   0|   19|          0|
    |indvar_flatten_reg_194              |  15|   0|   15|          0|
    |j1_0_reg_240                        |   9|   0|    9|          0|
    |j_0_reg_160                         |   9|   0|    9|          0|
    |mul_ln404_1_reg_820                 |  13|   0|   16|          3|
    |mul_ln404_reg_701                   |  13|   0|   16|          3|
    |mul_ln409_reg_780                   |   6|   0|    7|          1|
    |o_0_reg_251                         |  10|   0|   10|          0|
    |or_ln407_reg_747                    |   1|   0|    1|          0|
    |reg_270                             |  32|   0|   32|          0|
    |reg_276                             |  32|   0|   32|          0|
    |s_0_reg_206                         |   5|   0|    5|          0|
    |s_reg_757                           |   5|   0|    5|          0|
    |select_ln405_2_reg_730              |   9|   0|    9|          0|
    |select_ln405_reg_719                |   3|   0|    3|          0|
    |select_ln407_1_reg_800              |   3|   0|    3|          0|
    |select_ln407_3_reg_836              |  16|   0|   16|          0|
    |select_ln407_4_reg_876              |  18|   0|   18|          0|
    |select_ln410_1_reg_851              |  16|   0|   16|          0|
    |select_ln410_2_reg_769              |   5|   0|    5|          0|
    |select_ln410_3_reg_871              |  15|   0|   15|          0|
    |select_ln410_reg_762                |  10|   0|   10|          0|
    |select_ln431_1_reg_895              |   9|   0|    9|          0|
    |select_ln431_reg_890                |  10|   0|   10|          0|
    |select_ln431_reg_890_pp1_iter1_reg  |  10|   0|   10|          0|
    |t_0_reg_182                         |   3|   0|    3|          0|
    |t_reg_795                           |   3|   0|    3|          0|
    |tmp_s_reg_861                       |  32|   0|   32|          0|
    |gradsb1_addr_reg_920                |  64|  32|   19|          0|
    |icmp_ln429_reg_881                  |  64|  32|    1|          0|
    +------------------------------------+----+----+-----+-----------+
    |Total                               | 787|  64|  686|          7|
    +------------------------------------+----+----+-----+-----------+



================================================================
== Interface
================================================================
* Summary: 
+----------------------+-----+-----+------------+--------------+--------------+
|       RTL Ports      | Dir | Bits|  Protocol  | Source Object|    C Type    |
+----------------------+-----+-----+------------+--------------+--------------+
|ap_clk                |  in |    1| ap_ctrl_hs |  backward.1  | return value |
|ap_rst                |  in |    1| ap_ctrl_hs |  backward.1  | return value |
|ap_start              |  in |    1| ap_ctrl_hs |  backward.1  | return value |
|ap_done               | out |    1| ap_ctrl_hs |  backward.1  | return value |
|ap_idle               | out |    1| ap_ctrl_hs |  backward.1  | return value |
|ap_ready              | out |    1| ap_ctrl_hs |  backward.1  | return value |
|conv1d_actc_address0  | out |   12|  ap_memory |  conv1d_actc |     array    |
|conv1d_actc_ce0       | out |    1|  ap_memory |  conv1d_actc |     array    |
|conv1d_actc_q0        |  in |   32|  ap_memory |  conv1d_actc |     array    |
|dout_address0         | out |   15|  ap_memory |     dout     |     array    |
|dout_ce0              | out |    1|  ap_memory |     dout     |     array    |
|dout_q0               |  in |   32|  ap_memory |     dout     |     array    |
|gradsw1_address0      | out |   16|  ap_memory |    gradsw1   |     array    |
|gradsw1_ce0           | out |    1|  ap_memory |    gradsw1   |     array    |
|gradsw1_we0           | out |    1|  ap_memory |    gradsw1   |     array    |
|gradsw1_d0            | out |   32|  ap_memory |    gradsw1   |     array    |
|gradsw1_q0            |  in |   32|  ap_memory |    gradsw1   |     array    |
|gradsb1_address0      | out |   19|  ap_memory |    gradsb1   |     array    |
|gradsb1_ce0           | out |    1|  ap_memory |    gradsb1   |     array    |
|gradsb1_q0            |  in |   32|  ap_memory |    gradsb1   |     array    |
|gradsb1_address1      | out |   19|  ap_memory |    gradsb1   |     array    |
|gradsb1_ce1           | out |    1|  ap_memory |    gradsb1   |     array    |
|gradsb1_we1           | out |    1|  ap_memory |    gradsb1   |     array    |
|gradsb1_d1            | out |   32|  ap_memory |    gradsb1   |     array    |
+----------------------+-----+-----+------------+--------------+--------------+

